

================================================================
== Vivado HLS Report for 'Loop3_proc'
================================================================
* Date:           Sun Apr  9 02:04:26 2023

* Version:        2019.2 (Build 2704478 on Wed Nov 06 22:10:23 MST 2019)
* Project:        alveo_hls4ml
* Solution:       solution
* Product family: virtexuplus
* Target device:  xcu50-fsvh2104-2L-e


================================================================
== Performance Estimates
================================================================
+ Timing: 
    * Summary: 
    +--------+---------+----------+------------+
    |  Clock |  Target | Estimated| Uncertainty|
    +--------+---------+----------+------------+
    |ap_clk  | 4.00 ns | 2.976 ns |   0.90 ns  |
    +--------+---------+----------+------------+

+ Latency: 
    * Summary: 
    +---------+---------+-----------+-----------+-------+-------+---------+
    |  Latency (cycles) |   Latency (absolute)  |    Interval   | Pipeline|
    |   min   |   max   |    min    |    max    |  min  |  max  |   Type  |
    +---------+---------+-----------+-----------+-------+-------+---------+
    |    16416|    16416| 65.664 us | 65.664 us |  16416|  16416|   none  |
    +---------+---------+-----------+-----------+-------+-------+---------+

    + Detail: 
        * Instance: 
        +---------------------------+------------------------+---------+---------+----------+----------+-----+-----+----------+
        |                           |                        |  Latency (cycles) |  Latency (absolute) |  Interval | Pipeline |
        |          Instance         |         Module         |   min   |   max   |    min   |    max   | min | max |   Type   |
        +---------------------------+------------------------+---------+---------+----------+----------+-----+-----+----------+
        |dataflow_in_loop_Loop3_U0  |dataflow_in_loop_Loop3  |       31|       31| 0.124 us | 0.124 us |    1|    1| dataflow |
        +---------------------------+------------------------+---------+---------+----------+----------+-----+-----+----------+

        * Loop: 
        +----------+---------+---------+----------+-----------+-----------+-------+----------+
        |          |  Latency (cycles) | Iteration|  Initiation Interval  |  Trip |          |
        | Loop Name|   min   |   max   |  Latency |  achieved |   target  | Count | Pipelined|
        +----------+---------+---------+----------+-----------+-----------+-------+----------+
        |- Loop3   |    16415|    16415|        33|          -|          -|  16384|    no    |
        +----------+---------+---------+----------+-----------+-----------+-------+----------+



================================================================
== Utilization Estimates
================================================================
* Summary: 
+---------------------+---------+-------+---------+--------+-----+
|         Name        | BRAM_18K| DSP48E|    FF   |   LUT  | URAM|
+---------------------+---------+-------+---------+--------+-----+
|DSP                  |        -|      -|        -|       -|    -|
|Expression           |        -|      -|        0|      46|    -|
|FIFO                 |        -|      -|        -|       -|    -|
|Instance             |        0|    957|    31658|   18276|    -|
|Memory               |        -|      -|        -|       -|    -|
|Multiplexer          |        -|      -|        -|      18|    -|
|Register             |        -|      -|       30|       -|    -|
+---------------------+---------+-------+---------+--------+-----+
|Total                |        0|    957|    31688|   18340|    0|
+---------------------+---------+-------+---------+--------+-----+
|Available SLR        |     1344|   2976|   871680|  435840|  320|
+---------------------+---------+-------+---------+--------+-----+
|Utilization SLR (%)  |        0|     32|        3|       4|    0|
+---------------------+---------+-------+---------+--------+-----+
|Available            |     2688|   5952|  1743360|  871680|  640|
+---------------------+---------+-------+---------+--------+-----+
|Utilization (%)      |        0|     16|        1|       2|    0|
+---------------------+---------+-------+---------+--------+-----+

+ Detail: 
    * Instance: 
    +---------------------------+------------------------+---------+-------+-------+-------+-----+
    |          Instance         |         Module         | BRAM_18K| DSP48E|   FF  |  LUT  | URAM|
    +---------------------------+------------------------+---------+-------+-------+-------+-----+
    |dataflow_in_loop_Loop3_U0  |dataflow_in_loop_Loop3  |        0|    957|  31658|  18276|    0|
    +---------------------------+------------------------+---------+-------+-------+-------+-----+
    |Total                      |                        |        0|    957|  31658|  18276|    0|
    +---------------------------+------------------------+---------+-------+-------+-------+-----+

    * DSP48E: 
    N/A

    * Memory: 
    N/A

    * FIFO: 
    N/A

    * Expression: 
    +----------------------------+----------+-------+---+----+------------+------------+
    |        Variable Name       | Operation| DSP48E| FF| LUT| Bitwidth P0| Bitwidth P1|
    +----------------------------+----------+-------+---+----+------------+------------+
    |loop_dataflow_input_count   |     +    |      0|  0|  15|          15|           1|
    |loop_dataflow_output_count  |     +    |      0|  0|  15|          15|           1|
    |bound_minus_1               |     -    |      0|  0|  16|          16|           1|
    +----------------------------+----------+-------+---+----+------------+------------+
    |Total                       |          |      0|  0|  46|          46|           3|
    +----------------------------+----------+-------+---+----+------------+------------+

    * Multiplexer: 
    +----------------------------+----+-----------+-----+-----------+
    |            Name            | LUT| Input Size| Bits| Total Bits|
    +----------------------------+----+-----------+-----+-----------+
    |loop_dataflow_input_count   |   9|          2|   15|         30|
    |loop_dataflow_output_count  |   9|          2|   15|         30|
    +----------------------------+----+-----------+-----+-----------+
    |Total                       |  18|          4|   30|         60|
    +----------------------------+----+-----------+-----+-----------+

    * Register: 
    +----------------------------+----+----+-----+-----------+
    |            Name            | FF | LUT| Bits| Const Bits|
    +----------------------------+----+----+-----+-----------+
    |loop_dataflow_input_count   |  15|   0|   15|          0|
    |loop_dataflow_output_count  |  15|   0|   15|          0|
    +----------------------------+----+----+-----+-----------+
    |Total                       |  30|   0|   30|          0|
    +----------------------------+----+----+-----+-----------+



================================================================
== Interface
================================================================
* Summary: 
+----------------------+-----+-----+------------+--------------+--------------+
|       RTL Ports      | Dir | Bits|  Protocol  | Source Object|    C Type    |
+----------------------+-----+-----+------------+--------------+--------------+
|in_buf_0_V_address0   | out |   14|  ap_memory |  in_buf_0_V  |     array    |
|in_buf_0_V_ce0        | out |    1|  ap_memory |  in_buf_0_V  |     array    |
|in_buf_0_V_d0         | out |   16|  ap_memory |  in_buf_0_V  |     array    |
|in_buf_0_V_q0         |  in |   16|  ap_memory |  in_buf_0_V  |     array    |
|in_buf_0_V_we0        | out |    1|  ap_memory |  in_buf_0_V  |     array    |
|in_buf_0_V_address1   | out |   14|  ap_memory |  in_buf_0_V  |     array    |
|in_buf_0_V_ce1        | out |    1|  ap_memory |  in_buf_0_V  |     array    |
|in_buf_0_V_d1         | out |   16|  ap_memory |  in_buf_0_V  |     array    |
|in_buf_0_V_q1         |  in |   16|  ap_memory |  in_buf_0_V  |     array    |
|in_buf_0_V_we1        | out |    1|  ap_memory |  in_buf_0_V  |     array    |
|in_buf_1_V_address0   | out |   14|  ap_memory |  in_buf_1_V  |     array    |
|in_buf_1_V_ce0        | out |    1|  ap_memory |  in_buf_1_V  |     array    |
|in_buf_1_V_d0         | out |   16|  ap_memory |  in_buf_1_V  |     array    |
|in_buf_1_V_q0         |  in |   16|  ap_memory |  in_buf_1_V  |     array    |
|in_buf_1_V_we0        | out |    1|  ap_memory |  in_buf_1_V  |     array    |
|in_buf_1_V_address1   | out |   14|  ap_memory |  in_buf_1_V  |     array    |
|in_buf_1_V_ce1        | out |    1|  ap_memory |  in_buf_1_V  |     array    |
|in_buf_1_V_d1         | out |   16|  ap_memory |  in_buf_1_V  |     array    |
|in_buf_1_V_q1         |  in |   16|  ap_memory |  in_buf_1_V  |     array    |
|in_buf_1_V_we1        | out |    1|  ap_memory |  in_buf_1_V  |     array    |
|in_buf_2_V_address0   | out |   14|  ap_memory |  in_buf_2_V  |     array    |
|in_buf_2_V_ce0        | out |    1|  ap_memory |  in_buf_2_V  |     array    |
|in_buf_2_V_d0         | out |   16|  ap_memory |  in_buf_2_V  |     array    |
|in_buf_2_V_q0         |  in |   16|  ap_memory |  in_buf_2_V  |     array    |
|in_buf_2_V_we0        | out |    1|  ap_memory |  in_buf_2_V  |     array    |
|in_buf_2_V_address1   | out |   14|  ap_memory |  in_buf_2_V  |     array    |
|in_buf_2_V_ce1        | out |    1|  ap_memory |  in_buf_2_V  |     array    |
|in_buf_2_V_d1         | out |   16|  ap_memory |  in_buf_2_V  |     array    |
|in_buf_2_V_q1         |  in |   16|  ap_memory |  in_buf_2_V  |     array    |
|in_buf_2_V_we1        | out |    1|  ap_memory |  in_buf_2_V  |     array    |
|in_buf_11_V_address0  | out |   14|  ap_memory |  in_buf_11_V |     array    |
|in_buf_11_V_ce0       | out |    1|  ap_memory |  in_buf_11_V |     array    |
|in_buf_11_V_d0        | out |   16|  ap_memory |  in_buf_11_V |     array    |
|in_buf_11_V_q0        |  in |   16|  ap_memory |  in_buf_11_V |     array    |
|in_buf_11_V_we0       | out |    1|  ap_memory |  in_buf_11_V |     array    |
|in_buf_11_V_address1  | out |   14|  ap_memory |  in_buf_11_V |     array    |
|in_buf_11_V_ce1       | out |    1|  ap_memory |  in_buf_11_V |     array    |
|in_buf_11_V_d1        | out |   16|  ap_memory |  in_buf_11_V |     array    |
|in_buf_11_V_q1        |  in |   16|  ap_memory |  in_buf_11_V |     array    |
|in_buf_11_V_we1       | out |    1|  ap_memory |  in_buf_11_V |     array    |
|in_buf_12_V_address0  | out |   14|  ap_memory |  in_buf_12_V |     array    |
|in_buf_12_V_ce0       | out |    1|  ap_memory |  in_buf_12_V |     array    |
|in_buf_12_V_d0        | out |   16|  ap_memory |  in_buf_12_V |     array    |
|in_buf_12_V_q0        |  in |   16|  ap_memory |  in_buf_12_V |     array    |
|in_buf_12_V_we0       | out |    1|  ap_memory |  in_buf_12_V |     array    |
|in_buf_12_V_address1  | out |   14|  ap_memory |  in_buf_12_V |     array    |
|in_buf_12_V_ce1       | out |    1|  ap_memory |  in_buf_12_V |     array    |
|in_buf_12_V_d1        | out |   16|  ap_memory |  in_buf_12_V |     array    |
|in_buf_12_V_q1        |  in |   16|  ap_memory |  in_buf_12_V |     array    |
|in_buf_12_V_we1       | out |    1|  ap_memory |  in_buf_12_V |     array    |
|in_buf_13_V_address0  | out |   14|  ap_memory |  in_buf_13_V |     array    |
|in_buf_13_V_ce0       | out |    1|  ap_memory |  in_buf_13_V |     array    |
|in_buf_13_V_d0        | out |   16|  ap_memory |  in_buf_13_V |     array    |
|in_buf_13_V_q0        |  in |   16|  ap_memory |  in_buf_13_V |     array    |
|in_buf_13_V_we0       | out |    1|  ap_memory |  in_buf_13_V |     array    |
|in_buf_13_V_address1  | out |   14|  ap_memory |  in_buf_13_V |     array    |
|in_buf_13_V_ce1       | out |    1|  ap_memory |  in_buf_13_V |     array    |
|in_buf_13_V_d1        | out |   16|  ap_memory |  in_buf_13_V |     array    |
|in_buf_13_V_q1        |  in |   16|  ap_memory |  in_buf_13_V |     array    |
|in_buf_13_V_we1       | out |    1|  ap_memory |  in_buf_13_V |     array    |
|in_buf_14_V_address0  | out |   14|  ap_memory |  in_buf_14_V |     array    |
|in_buf_14_V_ce0       | out |    1|  ap_memory |  in_buf_14_V |     array    |
|in_buf_14_V_d0        | out |   16|  ap_memory |  in_buf_14_V |     array    |
|in_buf_14_V_q0        |  in |   16|  ap_memory |  in_buf_14_V |     array    |
|in_buf_14_V_we0       | out |    1|  ap_memory |  in_buf_14_V |     array    |
|in_buf_14_V_address1  | out |   14|  ap_memory |  in_buf_14_V |     array    |
|in_buf_14_V_ce1       | out |    1|  ap_memory |  in_buf_14_V |     array    |
|in_buf_14_V_d1        | out |   16|  ap_memory |  in_buf_14_V |     array    |
|in_buf_14_V_q1        |  in |   16|  ap_memory |  in_buf_14_V |     array    |
|in_buf_14_V_we1       | out |    1|  ap_memory |  in_buf_14_V |     array    |
|in_buf_15_V_address0  | out |   14|  ap_memory |  in_buf_15_V |     array    |
|in_buf_15_V_ce0       | out |    1|  ap_memory |  in_buf_15_V |     array    |
|in_buf_15_V_d0        | out |   16|  ap_memory |  in_buf_15_V |     array    |
|in_buf_15_V_q0        |  in |   16|  ap_memory |  in_buf_15_V |     array    |
|in_buf_15_V_we0       | out |    1|  ap_memory |  in_buf_15_V |     array    |
|in_buf_15_V_address1  | out |   14|  ap_memory |  in_buf_15_V |     array    |
|in_buf_15_V_ce1       | out |    1|  ap_memory |  in_buf_15_V |     array    |
|in_buf_15_V_d1        | out |   16|  ap_memory |  in_buf_15_V |     array    |
|in_buf_15_V_q1        |  in |   16|  ap_memory |  in_buf_15_V |     array    |
|in_buf_15_V_we1       | out |    1|  ap_memory |  in_buf_15_V |     array    |
|in_buf_16_V_address0  | out |   14|  ap_memory |  in_buf_16_V |     array    |
|in_buf_16_V_ce0       | out |    1|  ap_memory |  in_buf_16_V |     array    |
|in_buf_16_V_d0        | out |   16|  ap_memory |  in_buf_16_V |     array    |
|in_buf_16_V_q0        |  in |   16|  ap_memory |  in_buf_16_V |     array    |
|in_buf_16_V_we0       | out |    1|  ap_memory |  in_buf_16_V |     array    |
|in_buf_16_V_address1  | out |   14|  ap_memory |  in_buf_16_V |     array    |
|in_buf_16_V_ce1       | out |    1|  ap_memory |  in_buf_16_V |     array    |
|in_buf_16_V_d1        | out |   16|  ap_memory |  in_buf_16_V |     array    |
|in_buf_16_V_q1        |  in |   16|  ap_memory |  in_buf_16_V |     array    |
|in_buf_16_V_we1       | out |    1|  ap_memory |  in_buf_16_V |     array    |
|in_buf_17_V_address0  | out |   14|  ap_memory |  in_buf_17_V |     array    |
|in_buf_17_V_ce0       | out |    1|  ap_memory |  in_buf_17_V |     array    |
|in_buf_17_V_d0        | out |   16|  ap_memory |  in_buf_17_V |     array    |
|in_buf_17_V_q0        |  in |   16|  ap_memory |  in_buf_17_V |     array    |
|in_buf_17_V_we0       | out |    1|  ap_memory |  in_buf_17_V |     array    |
|in_buf_17_V_address1  | out |   14|  ap_memory |  in_buf_17_V |     array    |
|in_buf_17_V_ce1       | out |    1|  ap_memory |  in_buf_17_V |     array    |
|in_buf_17_V_d1        | out |   16|  ap_memory |  in_buf_17_V |     array    |
|in_buf_17_V_q1        |  in |   16|  ap_memory |  in_buf_17_V |     array    |
|in_buf_17_V_we1       | out |    1|  ap_memory |  in_buf_17_V |     array    |
|out_buf_0_address0    | out |   14|  ap_memory |   out_buf_0  |     array    |
|out_buf_0_ce0         | out |    1|  ap_memory |   out_buf_0  |     array    |
|out_buf_0_d0          | out |   16|  ap_memory |   out_buf_0  |     array    |
|out_buf_0_q0          |  in |   16|  ap_memory |   out_buf_0  |     array    |
|out_buf_0_we0         | out |    1|  ap_memory |   out_buf_0  |     array    |
|out_buf_0_address1    | out |   14|  ap_memory |   out_buf_0  |     array    |
|out_buf_0_ce1         | out |    1|  ap_memory |   out_buf_0  |     array    |
|out_buf_0_d1          | out |   16|  ap_memory |   out_buf_0  |     array    |
|out_buf_0_q1          |  in |   16|  ap_memory |   out_buf_0  |     array    |
|out_buf_0_we1         | out |    1|  ap_memory |   out_buf_0  |     array    |
|ap_clk                |  in |    1| ap_ctrl_hs |  Loop3_proc  | return value |
|ap_rst                |  in |    1| ap_ctrl_hs |  Loop3_proc  | return value |
|in_buf_0_V_empty_n    |  in |    1| ap_ctrl_hs |  Loop3_proc  | return value |
|in_buf_0_V_read       | out |    1| ap_ctrl_hs |  Loop3_proc  | return value |
|in_buf_1_V_empty_n    |  in |    1| ap_ctrl_hs |  Loop3_proc  | return value |
|in_buf_1_V_read       | out |    1| ap_ctrl_hs |  Loop3_proc  | return value |
|in_buf_2_V_empty_n    |  in |    1| ap_ctrl_hs |  Loop3_proc  | return value |
|in_buf_2_V_read       | out |    1| ap_ctrl_hs |  Loop3_proc  | return value |
|in_buf_11_V_empty_n   |  in |    1| ap_ctrl_hs |  Loop3_proc  | return value |
|in_buf_11_V_read      | out |    1| ap_ctrl_hs |  Loop3_proc  | return value |
|in_buf_12_V_empty_n   |  in |    1| ap_ctrl_hs |  Loop3_proc  | return value |
|in_buf_12_V_read      | out |    1| ap_ctrl_hs |  Loop3_proc  | return value |
|in_buf_13_V_empty_n   |  in |    1| ap_ctrl_hs |  Loop3_proc  | return value |
|in_buf_13_V_read      | out |    1| ap_ctrl_hs |  Loop3_proc  | return value |
|in_buf_14_V_empty_n   |  in |    1| ap_ctrl_hs |  Loop3_proc  | return value |
|in_buf_14_V_read      | out |    1| ap_ctrl_hs |  Loop3_proc  | return value |
|in_buf_15_V_empty_n   |  in |    1| ap_ctrl_hs |  Loop3_proc  | return value |
|in_buf_15_V_read      | out |    1| ap_ctrl_hs |  Loop3_proc  | return value |
|in_buf_16_V_empty_n   |  in |    1| ap_ctrl_hs |  Loop3_proc  | return value |
|in_buf_16_V_read      | out |    1| ap_ctrl_hs |  Loop3_proc  | return value |
|in_buf_17_V_empty_n   |  in |    1| ap_ctrl_hs |  Loop3_proc  | return value |
|in_buf_17_V_read      | out |    1| ap_ctrl_hs |  Loop3_proc  | return value |
|out_buf_0_full_n      |  in |    1| ap_ctrl_hs |  Loop3_proc  | return value |
|out_buf_0_write       | out |    1| ap_ctrl_hs |  Loop3_proc  | return value |
|ap_start              |  in |    1| ap_ctrl_hs |  Loop3_proc  | return value |
|ap_done               | out |    1| ap_ctrl_hs |  Loop3_proc  | return value |
|ap_ready              | out |    1| ap_ctrl_hs |  Loop3_proc  | return value |
|ap_idle               | out |    1| ap_ctrl_hs |  Loop3_proc  | return value |
|ap_continue           |  in |    1| ap_ctrl_hs |  Loop3_proc  | return value |
+----------------------+-----+-----+------------+--------------+--------------+

