

================================================================
== Vivado HLS Report for 'normalize_0_0_0_0_0_0_0_0_0_0_0_0_0_0_0_0_0_0_0_0_0_0'
================================================================
* Date:           Sun Apr  9 02:04:16 2023

* Version:        2019.2 (Build 2704478 on Wed Nov 06 22:10:23 MST 2019)
* Project:        alveo_hls4ml
* Solution:       solution
* Product family: virtexuplus
* Target device:  xcu50-fsvh2104-2L-e


================================================================
== Performance Estimates
================================================================
+ Timing: 
    * Summary: 
    +--------+---------+----------+------------+
    |  Clock |  Target | Estimated| Uncertainty|
    +--------+---------+----------+------------+
    |ap_clk  | 4.00 ns | 2.567 ns |   0.90 ns  |
    +--------+---------+----------+------------+

+ Latency: 
    * Summary: 
    +---------+---------+----------+----------+-----+-----+----------+
    |  Latency (cycles) |  Latency (absolute) |  Interval | Pipeline |
    |   min   |   max   |    min   |    max   | min | max |   Type   |
    +---------+---------+----------+----------+-----+-----+----------+
    |        0|        0|   0 ns   |   0 ns   |    1|    1| function |
    +---------+---------+----------+----------+-----+-----+----------+

    + Detail: 
        * Instance: 
        N/A

        * Loop: 
        N/A



================================================================
== Utilization Estimates
================================================================
* Summary: 
+---------------------+---------+-------+---------+--------+-----+
|         Name        | BRAM_18K| DSP48E|    FF   |   LUT  | URAM|
+---------------------+---------+-------+---------+--------+-----+
|DSP                  |        -|      -|        -|       -|    -|
|Expression           |        -|     11|        0|     341|    -|
|FIFO                 |        -|      -|        -|       -|    -|
|Instance             |        -|      -|        -|       -|    -|
|Memory               |        -|      -|        -|       -|    -|
|Multiplexer          |        -|      -|        -|       -|    -|
|Register             |        -|      -|        -|       -|    -|
+---------------------+---------+-------+---------+--------+-----+
|Total                |        0|     11|        0|     341|    0|
+---------------------+---------+-------+---------+--------+-----+
|Available SLR        |     1344|   2976|   871680|  435840|  320|
+---------------------+---------+-------+---------+--------+-----+
|Utilization SLR (%)  |        0|   ~0  |        0|   ~0   |    0|
+---------------------+---------+-------+---------+--------+-----+
|Available            |     2688|   5952|  1743360|  871680|  640|
+---------------------+---------+-------+---------+--------+-----+
|Utilization (%)      |        0|   ~0  |        0|   ~0   |    0|
+---------------------+---------+-------+---------+--------+-----+

+ Detail: 
    * Instance: 
    N/A

    * DSP48E: 
    N/A

    * Memory: 
    N/A

    * FIFO: 
    N/A

    * Expression: 
    +-------------------------+----------+-------+---+----+------------+------------+
    |      Variable Name      | Operation| DSP48E| FF| LUT| Bitwidth P0| Bitwidth P1|
    +-------------------------+----------+-------+---+----+------------+------------+
    |mul_ln1192_10_fu_166_p2  |     *    |      1|  0|   5|          16|          14|
    |mul_ln1192_1_fu_163_p2   |     *    |      1|  0|   5|          16|          11|
    |mul_ln1192_2_fu_169_p2   |     *    |      1|  0|   5|          16|          14|
    |mul_ln1192_3_fu_162_p2   |     *    |      1|  0|   5|          16|          13|
    |mul_ln1192_4_fu_167_p2   |     *    |      1|  0|   5|          16|          12|
    |mul_ln1192_5_fu_164_p2   |     *    |      1|  0|   5|          16|          16|
    |mul_ln1192_6_fu_171_p2   |     *    |      1|  0|   5|          16|          14|
    |mul_ln1192_7_fu_172_p2   |     *    |      1|  0|   5|          16|          12|
    |mul_ln1192_8_fu_168_p2   |     *    |      1|  0|   5|          16|          12|
    |mul_ln1192_9_fu_165_p2   |     *    |      1|  0|   5|          16|          15|
    |mul_ln1192_fu_170_p2     |     *    |      1|  0|   5|          16|          12|
    |add_ln1192_10_fu_950_p2  |     +    |      0|  0|  26|          26|          19|
    |add_ln1192_1_fu_761_p2   |     +    |      0|  0|  26|          26|          22|
    |add_ln1192_2_fu_782_p2   |     +    |      0|  0|  26|          26|          26|
    |add_ln1192_3_fu_803_p2   |     +    |      0|  0|  26|          26|          26|
    |add_ln1192_4_fu_824_p2   |     +    |      0|  0|  26|          26|          24|
    |add_ln1192_5_fu_845_p2   |     +    |      0|  0|  26|          26|          19|
    |add_ln1192_6_fu_866_p2   |     +    |      0|  0|  26|          26|          16|
    |add_ln1192_7_fu_887_p2   |     +    |      0|  0|  26|          26|          24|
    |add_ln1192_8_fu_908_p2   |     +    |      0|  0|  26|          26|          25|
    |add_ln1192_9_fu_929_p2   |     +    |      0|  0|  26|          26|          18|
    |add_ln1192_fu_740_p2     |     +    |      0|  0|  26|          26|          24|
    +-------------------------+----------+-------+---+----+------------+------------+
    |Total                    |          |     11|  0| 341|         462|         388|
    +-------------------------+----------+-------+---+----+------------+------------+

    * Multiplexer: 
    N/A

    * Register: 
    N/A



================================================================
== Interface
================================================================
* Summary: 
+----------------+-----+-----+------------+-------------------------------------------------------+--------------+
|    RTL Ports   | Dir | Bits|  Protocol  |                     Source Object                     |    C Type    |
+----------------+-----+-----+------------+-------------------------------------------------------+--------------+
|ap_ready        | out |    1| ap_ctrl_hs | normalize.0.0.0.0.0.0.0.0.0.0.0.0.0.0.0.0.0.0.0.0.0.0 | return value |
|ap_return_0     | out |   16| ap_ctrl_hs | normalize.0.0.0.0.0.0.0.0.0.0.0.0.0.0.0.0.0.0.0.0.0.0 | return value |
|ap_return_1     | out |   16| ap_ctrl_hs | normalize.0.0.0.0.0.0.0.0.0.0.0.0.0.0.0.0.0.0.0.0.0.0 | return value |
|ap_return_2     | out |   16| ap_ctrl_hs | normalize.0.0.0.0.0.0.0.0.0.0.0.0.0.0.0.0.0.0.0.0.0.0 | return value |
|ap_return_3     | out |   16| ap_ctrl_hs | normalize.0.0.0.0.0.0.0.0.0.0.0.0.0.0.0.0.0.0.0.0.0.0 | return value |
|ap_return_4     | out |   16| ap_ctrl_hs | normalize.0.0.0.0.0.0.0.0.0.0.0.0.0.0.0.0.0.0.0.0.0.0 | return value |
|ap_return_5     | out |   16| ap_ctrl_hs | normalize.0.0.0.0.0.0.0.0.0.0.0.0.0.0.0.0.0.0.0.0.0.0 | return value |
|ap_return_6     | out |   16| ap_ctrl_hs | normalize.0.0.0.0.0.0.0.0.0.0.0.0.0.0.0.0.0.0.0.0.0.0 | return value |
|ap_return_7     | out |   16| ap_ctrl_hs | normalize.0.0.0.0.0.0.0.0.0.0.0.0.0.0.0.0.0.0.0.0.0.0 | return value |
|ap_return_8     | out |   16| ap_ctrl_hs | normalize.0.0.0.0.0.0.0.0.0.0.0.0.0.0.0.0.0.0.0.0.0.0 | return value |
|ap_return_9     | out |   16| ap_ctrl_hs | normalize.0.0.0.0.0.0.0.0.0.0.0.0.0.0.0.0.0.0.0.0.0.0 | return value |
|ap_return_10    | out |   16| ap_ctrl_hs | normalize.0.0.0.0.0.0.0.0.0.0.0.0.0.0.0.0.0.0.0.0.0.0 | return value |
|data_0_V_read   |  in |   16|   ap_none  |                     data_0_V_read                     |    scalar    |
|data_1_V_read   |  in |   16|   ap_none  |                     data_1_V_read                     |    scalar    |
|data_2_V_read   |  in |   16|   ap_none  |                     data_2_V_read                     |    scalar    |
|data_3_V_read   |  in |   16|   ap_none  |                     data_3_V_read                     |    scalar    |
|data_4_V_read   |  in |   16|   ap_none  |                     data_4_V_read                     |    scalar    |
|data_5_V_read   |  in |   16|   ap_none  |                     data_5_V_read                     |    scalar    |
|data_6_V_read   |  in |   16|   ap_none  |                     data_6_V_read                     |    scalar    |
|data_7_V_read   |  in |   16|   ap_none  |                     data_7_V_read                     |    scalar    |
|data_8_V_read   |  in |   16|   ap_none  |                     data_8_V_read                     |    scalar    |
|data_9_V_read   |  in |   16|   ap_none  |                     data_9_V_read                     |    scalar    |
|data_10_V_read  |  in |   16|   ap_none  |                     data_10_V_read                    |    scalar    |
+----------------+-----+-----+------------+-------------------------------------------------------+--------------+

