

================================================================
== Vivado HLS Report for 'normalize_0_0_0_0_0_0_0_0_0_0_0_0_0_0_0_0_0_0_0_0_0_0_0_0_0_0_0_0_0_0_0_0_0_0_0_s'
================================================================
* Date:           Sun Apr  9 02:04:11 2023

* Version:        2019.2 (Build 2704478 on Wed Nov 06 22:10:23 MST 2019)
* Project:        alveo_hls4ml
* Solution:       solution
* Product family: virtexuplus
* Target device:  xcu50-fsvh2104-2L-e


================================================================
== Performance Estimates
================================================================
+ Timing: 
    * Summary: 
    +--------+---------+----------+------------+
    |  Clock |  Target | Estimated| Uncertainty|
    +--------+---------+----------+------------+
    |ap_clk  | 4.00 ns | 2.567 ns |   0.90 ns  |
    +--------+---------+----------+------------+

+ Latency: 
    * Summary: 
    +---------+---------+----------+----------+-----+-----+----------+
    |  Latency (cycles) |  Latency (absolute) |  Interval | Pipeline |
    |   min   |   max   |    min   |    max   | min | max |   Type   |
    +---------+---------+----------+----------+-----+-----+----------+
    |        0|        0|   0 ns   |   0 ns   |    1|    1| function |
    +---------+---------+----------+----------+-----+-----+----------+

    + Detail: 
        * Instance: 
        N/A

        * Loop: 
        N/A



================================================================
== Utilization Estimates
================================================================
* Summary: 
+---------------------+---------+-------+---------+--------+-----+
|         Name        | BRAM_18K| DSP48E|    FF   |   LUT  | URAM|
+---------------------+---------+-------+---------+--------+-----+
|DSP                  |        -|      -|        -|       -|    -|
|Expression           |        -|     31|        0|     961|    -|
|FIFO                 |        -|      -|        -|       -|    -|
|Instance             |        -|      -|        -|       -|    -|
|Memory               |        -|      -|        -|       -|    -|
|Multiplexer          |        -|      -|        -|       -|    -|
|Register             |        -|      -|        -|       -|    -|
+---------------------+---------+-------+---------+--------+-----+
|Total                |        0|     31|        0|     961|    0|
+---------------------+---------+-------+---------+--------+-----+
|Available SLR        |     1344|   2976|   871680|  435840|  320|
+---------------------+---------+-------+---------+--------+-----+
|Utilization SLR (%)  |        0|      1|        0|   ~0   |    0|
+---------------------+---------+-------+---------+--------+-----+
|Available            |     2688|   5952|  1743360|  871680|  640|
+---------------------+---------+-------+---------+--------+-----+
|Utilization (%)      |        0|   ~0  |        0|   ~0   |    0|
+---------------------+---------+-------+---------+--------+-----+

+ Detail: 
    * Instance: 
    N/A

    * DSP48E: 
    N/A

    * Memory: 
    N/A

    * FIFO: 
    N/A

    * Expression: 
    +--------------------------+----------+-------+---+----+------------+------------+
    |       Variable Name      | Operation| DSP48E| FF| LUT| Bitwidth P0| Bitwidth P1|
    +--------------------------+----------+-------+---+----+------------+------------+
    |mul_ln1192_10_fu_426_p2   |     *    |      1|  0|   5|          16|          11|
    |mul_ln1192_11_fu_429_p2   |     *    |      1|  0|   5|          16|          11|
    |mul_ln1192_12_fu_416_p2   |     *    |      1|  0|   5|          16|          11|
    |mul_ln1192_13_fu_401_p2   |     *    |      1|  0|   5|          16|          11|
    |mul_ln1192_14_fu_411_p2   |     *    |      1|  0|   5|          16|          11|
    |mul_ln1192_15_fu_427_p2   |     *    |      1|  0|   5|          16|          11|
    |mul_ln1192_16_fu_412_p2   |     *    |      1|  0|   5|          16|          11|
    |mul_ln1192_17_fu_422_p2   |     *    |      1|  0|   5|          16|          11|
    |mul_ln1192_18_fu_413_p2   |     *    |      1|  0|   5|          16|          11|
    |mul_ln1192_19_fu_417_p2   |     *    |      1|  0|   5|          16|          12|
    |mul_ln1192_20_fu_402_p2   |     *    |      1|  0|   5|          16|          11|
    |mul_ln1192_21_fu_428_p2   |     *    |      1|  0|   5|          16|          11|
    |mul_ln1192_22_fu_407_p2   |     *    |      1|  0|   5|          16|          11|
    |mul_ln1192_23_fu_408_p2   |     *    |      1|  0|   5|          16|          13|
    |mul_ln1192_24_fu_423_p2   |     *    |      1|  0|   5|          16|          11|
    |mul_ln1192_25_fu_420_p2   |     *    |      1|  0|   5|          16|          11|
    |mul_ln1192_26_fu_418_p2   |     *    |      1|  0|   5|          16|          13|
    |mul_ln1192_27_fu_409_p2   |     *    |      1|  0|   5|          16|          12|
    |mul_ln1192_28_fu_430_p2   |     *    |      1|  0|   5|          16|          11|
    |mul_ln1192_29_fu_415_p2   |     *    |      1|  0|   5|          16|          11|
    |mul_ln1192_30_fu_419_p2   |     *    |      1|  0|   5|          16|          11|
    |mul_ln1192_31_fu_403_p2   |     *    |      1|  0|   5|          16|          13|
    |mul_ln1192_32_fu_404_p2   |     *    |      1|  0|   5|          16|          12|
    |mul_ln1192_33_fu_406_p2   |     *    |      1|  0|   5|          16|          11|
    |mul_ln1192_34_fu_424_p2   |     *    |      1|  0|   5|          16|          11|
    |mul_ln1192_35_fu_425_p2   |     *    |      1|  0|   5|          16|          12|
    |mul_ln1192_36_fu_405_p2   |     *    |      1|  0|   5|          16|          11|
    |mul_ln1192_37_fu_410_p2   |     *    |      1|  0|   5|          16|          12|
    |mul_ln1192_8_fu_414_p2    |     *    |      1|  0|   5|          16|          11|
    |mul_ln1192_9_fu_400_p2    |     *    |      1|  0|   5|          16|          11|
    |mul_ln1192_fu_421_p2      |     *    |      1|  0|   5|          16|          11|
    |add_ln1192_10_fu_4519_p2  |     +    |      0|  0|  26|          26|          21|
    |add_ln1192_11_fu_4540_p2  |     +    |      0|  0|  26|          26|          19|
    |add_ln1192_12_fu_4561_p2  |     +    |      0|  0|  26|          26|          21|
    |add_ln1192_13_fu_4582_p2  |     +    |      0|  0|  26|          26|          18|
    |add_ln1192_14_fu_4603_p2  |     +    |      0|  0|  26|          26|          20|
    |add_ln1192_15_fu_4624_p2  |     +    |      0|  0|  26|          26|          20|
    |add_ln1192_16_fu_4645_p2  |     +    |      0|  0|  26|          26|          20|
    |add_ln1192_17_fu_4666_p2  |     +    |      0|  0|  26|          26|          21|
    |add_ln1192_18_fu_4687_p2  |     +    |      0|  0|  26|          26|          19|
    |add_ln1192_19_fu_4708_p2  |     +    |      0|  0|  26|          26|          22|
    |add_ln1192_20_fu_4729_p2  |     +    |      0|  0|  26|          26|          22|
    |add_ln1192_21_fu_4750_p2  |     +    |      0|  0|  26|          26|          18|
    |add_ln1192_22_fu_4771_p2  |     +    |      0|  0|  26|          26|          22|
    |add_ln1192_23_fu_4792_p2  |     +    |      0|  0|  26|          26|          20|
    |add_ln1192_24_fu_4813_p2  |     +    |      0|  0|  26|          26|          18|
    |add_ln1192_25_fu_4834_p2  |     +    |      0|  0|  26|          26|          21|
    |add_ln1192_26_fu_4855_p2  |     +    |      0|  0|  26|          26|          21|
    |add_ln1192_27_fu_4876_p2  |     +    |      0|  0|  26|          26|          20|
    |add_ln1192_28_fu_4897_p2  |     +    |      0|  0|  26|          26|          19|
    |add_ln1192_29_fu_4918_p2  |     +    |      0|  0|  26|          26|          20|
    |add_ln1192_30_fu_4939_p2  |     +    |      0|  0|  26|          26|          22|
    |add_ln1192_31_fu_4960_p2  |     +    |      0|  0|  26|          26|          19|
    |add_ln1192_32_fu_4981_p2  |     +    |      0|  0|  26|          26|          17|
    |add_ln1192_33_fu_5002_p2  |     +    |      0|  0|  26|          26|          17|
    |add_ln1192_34_fu_5023_p2  |     +    |      0|  0|  26|          26|          16|
    |add_ln1192_35_fu_5044_p2  |     +    |      0|  0|  26|          26|          21|
    |add_ln1192_36_fu_5065_p2  |     +    |      0|  0|  26|          26|          21|
    |add_ln1192_37_fu_5086_p2  |     +    |      0|  0|  26|          26|          22|
    |add_ln1192_38_fu_5107_p2  |     +    |      0|  0|  26|          26|          22|
    |add_ln1192_39_fu_5128_p2  |     +    |      0|  0|  26|          26|          22|
    |add_ln1192_fu_4498_p2     |     +    |      0|  0|  26|          26|          21|
    +--------------------------+----------+-------+---+----+------------+------------+
    |Total                     |          |     31|  0| 961|        1302|         974|
    +--------------------------+----------+-------+---+----+------------+------------+

    * Multiplexer: 
    N/A

    * Register: 
    N/A



================================================================
== Interface
================================================================
* Summary: 
+----------------+-----+-----+------------+----------------------------------------------------------------------------------+--------------+
|    RTL Ports   | Dir | Bits|  Protocol  |                                   Source Object                                  |    C Type    |
+----------------+-----+-----+------------+----------------------------------------------------------------------------------+--------------+
|ap_ready        | out |    1| ap_ctrl_hs | normalize.0.0.0.0.0.0.0.0.0.0.0.0.0.0.0.0.0.0.0.0.0.0.0.0.0.0.0.0.0.0.0.0.0.0.0. | return value |
|ap_return_0     | out |   16| ap_ctrl_hs | normalize.0.0.0.0.0.0.0.0.0.0.0.0.0.0.0.0.0.0.0.0.0.0.0.0.0.0.0.0.0.0.0.0.0.0.0. | return value |
|ap_return_1     | out |   16| ap_ctrl_hs | normalize.0.0.0.0.0.0.0.0.0.0.0.0.0.0.0.0.0.0.0.0.0.0.0.0.0.0.0.0.0.0.0.0.0.0.0. | return value |
|ap_return_2     | out |   16| ap_ctrl_hs | normalize.0.0.0.0.0.0.0.0.0.0.0.0.0.0.0.0.0.0.0.0.0.0.0.0.0.0.0.0.0.0.0.0.0.0.0. | return value |
|ap_return_3     | out |   16| ap_ctrl_hs | normalize.0.0.0.0.0.0.0.0.0.0.0.0.0.0.0.0.0.0.0.0.0.0.0.0.0.0.0.0.0.0.0.0.0.0.0. | return value |
|ap_return_4     | out |   16| ap_ctrl_hs | normalize.0.0.0.0.0.0.0.0.0.0.0.0.0.0.0.0.0.0.0.0.0.0.0.0.0.0.0.0.0.0.0.0.0.0.0. | return value |
|ap_return_5     | out |   16| ap_ctrl_hs | normalize.0.0.0.0.0.0.0.0.0.0.0.0.0.0.0.0.0.0.0.0.0.0.0.0.0.0.0.0.0.0.0.0.0.0.0. | return value |
|ap_return_6     | out |   16| ap_ctrl_hs | normalize.0.0.0.0.0.0.0.0.0.0.0.0.0.0.0.0.0.0.0.0.0.0.0.0.0.0.0.0.0.0.0.0.0.0.0. | return value |
|ap_return_7     | out |   16| ap_ctrl_hs | normalize.0.0.0.0.0.0.0.0.0.0.0.0.0.0.0.0.0.0.0.0.0.0.0.0.0.0.0.0.0.0.0.0.0.0.0. | return value |
|ap_return_8     | out |   16| ap_ctrl_hs | normalize.0.0.0.0.0.0.0.0.0.0.0.0.0.0.0.0.0.0.0.0.0.0.0.0.0.0.0.0.0.0.0.0.0.0.0. | return value |
|ap_return_9     | out |   16| ap_ctrl_hs | normalize.0.0.0.0.0.0.0.0.0.0.0.0.0.0.0.0.0.0.0.0.0.0.0.0.0.0.0.0.0.0.0.0.0.0.0. | return value |
|ap_return_10    | out |   16| ap_ctrl_hs | normalize.0.0.0.0.0.0.0.0.0.0.0.0.0.0.0.0.0.0.0.0.0.0.0.0.0.0.0.0.0.0.0.0.0.0.0. | return value |
|ap_return_11    | out |   16| ap_ctrl_hs | normalize.0.0.0.0.0.0.0.0.0.0.0.0.0.0.0.0.0.0.0.0.0.0.0.0.0.0.0.0.0.0.0.0.0.0.0. | return value |
|ap_return_12    | out |   16| ap_ctrl_hs | normalize.0.0.0.0.0.0.0.0.0.0.0.0.0.0.0.0.0.0.0.0.0.0.0.0.0.0.0.0.0.0.0.0.0.0.0. | return value |
|ap_return_13    | out |   16| ap_ctrl_hs | normalize.0.0.0.0.0.0.0.0.0.0.0.0.0.0.0.0.0.0.0.0.0.0.0.0.0.0.0.0.0.0.0.0.0.0.0. | return value |
|ap_return_14    | out |   16| ap_ctrl_hs | normalize.0.0.0.0.0.0.0.0.0.0.0.0.0.0.0.0.0.0.0.0.0.0.0.0.0.0.0.0.0.0.0.0.0.0.0. | return value |
|ap_return_15    | out |   16| ap_ctrl_hs | normalize.0.0.0.0.0.0.0.0.0.0.0.0.0.0.0.0.0.0.0.0.0.0.0.0.0.0.0.0.0.0.0.0.0.0.0. | return value |
|ap_return_16    | out |   16| ap_ctrl_hs | normalize.0.0.0.0.0.0.0.0.0.0.0.0.0.0.0.0.0.0.0.0.0.0.0.0.0.0.0.0.0.0.0.0.0.0.0. | return value |
|ap_return_17    | out |   16| ap_ctrl_hs | normalize.0.0.0.0.0.0.0.0.0.0.0.0.0.0.0.0.0.0.0.0.0.0.0.0.0.0.0.0.0.0.0.0.0.0.0. | return value |
|ap_return_18    | out |   16| ap_ctrl_hs | normalize.0.0.0.0.0.0.0.0.0.0.0.0.0.0.0.0.0.0.0.0.0.0.0.0.0.0.0.0.0.0.0.0.0.0.0. | return value |
|ap_return_19    | out |   16| ap_ctrl_hs | normalize.0.0.0.0.0.0.0.0.0.0.0.0.0.0.0.0.0.0.0.0.0.0.0.0.0.0.0.0.0.0.0.0.0.0.0. | return value |
|ap_return_20    | out |   16| ap_ctrl_hs | normalize.0.0.0.0.0.0.0.0.0.0.0.0.0.0.0.0.0.0.0.0.0.0.0.0.0.0.0.0.0.0.0.0.0.0.0. | return value |
|ap_return_21    | out |   16| ap_ctrl_hs | normalize.0.0.0.0.0.0.0.0.0.0.0.0.0.0.0.0.0.0.0.0.0.0.0.0.0.0.0.0.0.0.0.0.0.0.0. | return value |
|ap_return_22    | out |   16| ap_ctrl_hs | normalize.0.0.0.0.0.0.0.0.0.0.0.0.0.0.0.0.0.0.0.0.0.0.0.0.0.0.0.0.0.0.0.0.0.0.0. | return value |
|ap_return_23    | out |   16| ap_ctrl_hs | normalize.0.0.0.0.0.0.0.0.0.0.0.0.0.0.0.0.0.0.0.0.0.0.0.0.0.0.0.0.0.0.0.0.0.0.0. | return value |
|ap_return_24    | out |   16| ap_ctrl_hs | normalize.0.0.0.0.0.0.0.0.0.0.0.0.0.0.0.0.0.0.0.0.0.0.0.0.0.0.0.0.0.0.0.0.0.0.0. | return value |
|ap_return_25    | out |   16| ap_ctrl_hs | normalize.0.0.0.0.0.0.0.0.0.0.0.0.0.0.0.0.0.0.0.0.0.0.0.0.0.0.0.0.0.0.0.0.0.0.0. | return value |
|ap_return_26    | out |   16| ap_ctrl_hs | normalize.0.0.0.0.0.0.0.0.0.0.0.0.0.0.0.0.0.0.0.0.0.0.0.0.0.0.0.0.0.0.0.0.0.0.0. | return value |
|ap_return_27    | out |   16| ap_ctrl_hs | normalize.0.0.0.0.0.0.0.0.0.0.0.0.0.0.0.0.0.0.0.0.0.0.0.0.0.0.0.0.0.0.0.0.0.0.0. | return value |
|ap_return_28    | out |   16| ap_ctrl_hs | normalize.0.0.0.0.0.0.0.0.0.0.0.0.0.0.0.0.0.0.0.0.0.0.0.0.0.0.0.0.0.0.0.0.0.0.0. | return value |
|ap_return_29    | out |   16| ap_ctrl_hs | normalize.0.0.0.0.0.0.0.0.0.0.0.0.0.0.0.0.0.0.0.0.0.0.0.0.0.0.0.0.0.0.0.0.0.0.0. | return value |
|ap_return_30    | out |   16| ap_ctrl_hs | normalize.0.0.0.0.0.0.0.0.0.0.0.0.0.0.0.0.0.0.0.0.0.0.0.0.0.0.0.0.0.0.0.0.0.0.0. | return value |
|data_0_V_read   |  in |   16|   ap_none  |                                   data_0_V_read                                  |    scalar    |
|data_1_V_read   |  in |   16|   ap_none  |                                   data_1_V_read                                  |    scalar    |
|data_2_V_read   |  in |   16|   ap_none  |                                   data_2_V_read                                  |    scalar    |
|data_3_V_read   |  in |   16|   ap_none  |                                   data_3_V_read                                  |    scalar    |
|data_4_V_read   |  in |   16|   ap_none  |                                   data_4_V_read                                  |    scalar    |
|data_5_V_read   |  in |   16|   ap_none  |                                   data_5_V_read                                  |    scalar    |
|data_6_V_read   |  in |   16|   ap_none  |                                   data_6_V_read                                  |    scalar    |
|data_7_V_read   |  in |   16|   ap_none  |                                   data_7_V_read                                  |    scalar    |
|data_8_V_read   |  in |   16|   ap_none  |                                   data_8_V_read                                  |    scalar    |
|data_9_V_read   |  in |   16|   ap_none  |                                   data_9_V_read                                  |    scalar    |
|data_10_V_read  |  in |   16|   ap_none  |                                  data_10_V_read                                  |    scalar    |
|data_11_V_read  |  in |   16|   ap_none  |                                  data_11_V_read                                  |    scalar    |
|data_12_V_read  |  in |   16|   ap_none  |                                  data_12_V_read                                  |    scalar    |
|data_13_V_read  |  in |   16|   ap_none  |                                  data_13_V_read                                  |    scalar    |
|data_14_V_read  |  in |   16|   ap_none  |                                  data_14_V_read                                  |    scalar    |
|data_15_V_read  |  in |   16|   ap_none  |                                  data_15_V_read                                  |    scalar    |
|data_16_V_read  |  in |   16|   ap_none  |                                  data_16_V_read                                  |    scalar    |
|data_17_V_read  |  in |   16|   ap_none  |                                  data_17_V_read                                  |    scalar    |
|data_18_V_read  |  in |   16|   ap_none  |                                  data_18_V_read                                  |    scalar    |
|data_19_V_read  |  in |   16|   ap_none  |                                  data_19_V_read                                  |    scalar    |
|data_20_V_read  |  in |   16|   ap_none  |                                  data_20_V_read                                  |    scalar    |
|data_21_V_read  |  in |   16|   ap_none  |                                  data_21_V_read                                  |    scalar    |
|data_22_V_read  |  in |   16|   ap_none  |                                  data_22_V_read                                  |    scalar    |
|data_23_V_read  |  in |   16|   ap_none  |                                  data_23_V_read                                  |    scalar    |
|data_24_V_read  |  in |   16|   ap_none  |                                  data_24_V_read                                  |    scalar    |
|data_25_V_read  |  in |   16|   ap_none  |                                  data_25_V_read                                  |    scalar    |
|data_26_V_read  |  in |   16|   ap_none  |                                  data_26_V_read                                  |    scalar    |
|data_27_V_read  |  in |   16|   ap_none  |                                  data_27_V_read                                  |    scalar    |
|data_28_V_read  |  in |   16|   ap_none  |                                  data_28_V_read                                  |    scalar    |
|data_29_V_read  |  in |   16|   ap_none  |                                  data_29_V_read                                  |    scalar    |
|data_30_V_read  |  in |   16|   ap_none  |                                  data_30_V_read                                  |    scalar    |
+----------------+-----+-----+------------+----------------------------------------------------------------------------------+--------------+

